// Jest Snapshot v1, https://goo.gl/fbAQLP

exports[`matches HeroCarousel snapshot 1`] = `
<div
  className="hero-container"
>
  <div
    className="react-multi-carousel-list hero-container__carousel "
  >
    <ul
      className="react-multi-carousel-track "
      onMouseDown={[Function]}
      onMouseEnter={[Function]}
      onMouseLeave={[Function]}
      onMouseMove={[Function]}
      onMouseUp={[Function]}
      onTouchEnd={[Function]}
      onTouchMove={[Function]}
      onTouchStart={[Function]}
      style={
        Object {
          "overflow": "unset",
          "transform": "translate3d(0px,0,0)",
          "transition": "none",
        }
      }
    />
  </div>
</div>
`;
